// Jest Snapshot v1, https://goo.gl/fbAQLP

exports[`renders correctly - default state 1`] = `
<button
  className="board-box"
  disabled=""
  onClick={[MockFunction]}
  role="button"
>
  
</button>
`;
